This expression has type int but an expression was expected of type
         string
[27m[24m[22m[1m[31mError:[27m[24m[22m[39m (from stdin - see message above)
