File "_none_", line 1:
Error: Cannot find file nonexistentFile.cmo
[27m[24m[22m[1m[31mError:[27m[24m[22m[39m Cannot find file [27m[4m[22m[1m[31mnonexistentFile.cmo[27m[24m[22m[39m.
Cmo files are artifacts the compiler looks for when compiling/linking dependent files.
