[27m[24m[2m[1m# Unformatted Warning Output:[27m[24m[22m
[2m# [22m[2mFile "tests/__tests__/refmterr/__fixtures__/warning_OptionalArgumentNotErased/warning_OptionalArgumentNotErased_2.ml", line 1, characters 18-31:[22m
[2m# [22m[2mWarning 16: this optional argument cannot be erased.[22m


[7m[24m[22m[1m[33m WARNING [27m[24m[22m[39m [27m[4m[22m[36mtests/__tests__/refmterr/__fixtures__/warning_OptionalArgumentNotErased/warning_OptionalArgumentNotErased_2.ml[27m[24m[22m[39m[27m[4m[22m[2m:1 18-31[27m[24m[22m [27m[24m[22m[1m[33m [Warning Code 16] [27m[24m[22m[39m

[27m[24m[22m[2m[31m1 â”† [27m[24m[22m[39m[27m[24m[22m[2m[35mlet[27m[24m[22m[39m[27m[24m[22m[2m eat aNumber ?([27m[24m[22m[27m[4m[22m[1m[31mwithFork=true[27m[24m[22m[39m[27m[24m[22m[2m) =[27m[24m[22m
[2m2 â”† [22m[27m[24m[22m[2m  [27m[24m[22m[27m[24m[22m[2m[32m"Hello, world!"[27m[24m[22m[39m
[2m3 â”† [22m
[2m4 â”† [22m[27m[24m[22m[2m[35mlet[27m[24m[22m[39m[27m[24m[22m[2m () = print_endline (eat [27m[24m[22m[27m[24m[22m[2m[34m1[27m[24m[22m[39m[27m[24m[22m[2m [27m[24m[22m[27m[24m[22m[2m[33m~withFork[27m[24m[22m[39m[27m[24m[22m[2m:false)[27m[24m[22m

[27m[24m[22m[1m[31mwithFork[27m[24m[22m[39m is an optional argument at last position; calling the function by omitting withFork might be confused with currying.

The solution is usually to provide a final non-named argument, or a final unit() argument if necessary.


