[27m[24m[2m[1m# Unformatted Warning Output:[27m[24m[22m
[2m# [22m[2mFile "tests/__tests__/refmterr/__fixtures__/warning_OptionalArgumentNotErased/warning_OptionalArgumentNotErased_1.ml", line 2, characters 11-15:[22m
[2m# [22m[2mWarning 16: this optional argument cannot be erased.[22m


[7m[24m[22m[1m[33m WARNING [27m[24m[22m[39m [27m[4m[22m[36mtests/__tests__/refmterr/__fixtures__/warning_OptionalArgumentNotErased/warning_OptionalArgumentNotErased_1.ml[27m[24m[22m[39m[27m[4m[22m[2m:2 11-15[27m[24m[22m [27m[24m[22m[1m[33m [Warning Code 16] [27m[24m[22m[39m

[2m1 â”† [22m[27m[24m[22m[2m(* the spacing matters here to test the regex that extracts bcD' *)[27m[24m[22m
[27m[24m[22m[2m[31m2 â”† [27m[24m[22m[39m[27m[24m[22m[2m[35mlet[27m[24m[22m[39m[27m[24m[22m[2m asd a ?[27m[24m[22m[27m[4m[22m[1m[31mbcD'[27m[24m[22m[39m[27m[24m[22m[2m= [27m[24m[22m[27m[24m[22m[2m[32m"asd"[27m[24m[22m[39m
[2m3 â”† [22m
[2m4 â”† [22m[27m[24m[22m[2m[35mlet[27m[24m[22m[39m[27m[24m[22m[2m () = print_endline (asd [27m[24m[22m[27m[24m[22m[2m[34m1[27m[24m[22m[39m[27m[24m[22m[2m [27m[24m[22m[27m[24m[22m[2m[33m~bcD[27m[24m[22m[39m[27m[24m[22m[2m':[27m[24m[22m[27m[24m[22m[2m[34m1[27m[24m[22m[39m[27m[24m[22m[2m)[27m[24m[22m

[27m[24m[22m[1m[31mbcD'[27m[24m[22m[39m is an optional argument at last position; calling the function by omitting bcD' might be confused with currying.

The solution is usually to provide a final non-named argument, or a final unit() argument if necessary.


