[27m[24m[2m[1m# Unformatted Warning Output:[27m[24m[22m
[2m# [22m[2mFile "tests/__tests__/refmterr/__fixtures__/warning_PatternUnused/warning_PatternUnused_1.ml", line 8, characters 2-3:[22m
[2m# [22m[2mWarning 11: this match case is unused.[22m


[7m[24m[22m[1m[33m WARNING [27m[24m[22m[39m [27m[4m[22m[36mtests/__tests__/refmterr/__fixtures__/warning_PatternUnused/warning_PatternUnused_1.ml[27m[24m[22m[39m[27m[4m[22m[2m:8 2-3[27m[24m[22m [27m[24m[22m[1m[33m [Warning Code 11] [27m[24m[22m[39m

[2m5 â”† [22m[27m[24m[22m[2m[35mlet[27m[24m[22m[39m[27m[24m[22m[2m say a = match a with[27m[24m[22m
[2m6 â”† [22m[27m[24m[22m[2m| [27m[24m[22m[27m[24m[22m[2m[34mHello[27m[24m[22m[39m[27m[24m[22m[2m -> ()[27m[24m[22m
[2m7 â”† [22m[27m[24m[22m[2m| [27m[24m[22m[27m[24m[22m[2m[34mGoodbye[27m[24m[22m[39m[27m[24m[22m[2m -> ()[27m[24m[22m
[27m[24m[22m[2m[31m8 â”† [27m[24m[22m[39m[27m[24m[22m[2m| [27m[24m[22m[27m[4m[22m[1m[31m_[27m[24m[22m[39m[27m[24m[22m[2m -> ()[27m[24m[22m



