[27m[24m[2m[1m# Unformatted Error Output:[27m[24m[22m
[2m# [22m[2mFile "tests/__tests__/refmterr/__fixtures__/type_AppliedTooMany/type_AppliedTooMany_1.ml", line 3, characters 24-36:[22m
[2m# [22m[2mError: This function has type 'a -> (int -> 'b) -> string[22m
[2m# [22m[2m       It is applied to too many arguments; maybe you forgot a `;'.[22m


[7m[24m[22m[1m[31m ERROR [27m[24m[22m[39m [27m[4m[22m[36mtests/__tests__/refmterr/__fixtures__/type_AppliedTooMany/type_AppliedTooMany_1.ml[27m[24m[22m[39m[27m[4m[22m[2m:3 24-36[27m[24m[22m 

[2m1 â”† [22m[27m[24m[22m[2m[35mlet[27m[24m[22m[39m[27m[24m[22m[2m omNomNomArgs a b = (ignore (b [27m[24m[22m[27m[24m[22m[2m[34m1[27m[24m[22m[39m[27m[24m[22m[2m)); [27m[24m[22m[27m[24m[22m[2m[32m"hello world!"[27m[24m[22m[39m
[2m2 â”† [22m
[27m[24m[22m[2m[31m3 â”† [27m[24m[22m[39m[27m[24m[22m[2m[35mlet[27m[24m[22m[39m[27m[24m[22m[2m () = print_endline ([27m[24m[22m[27m[4m[22m[1m[31momNomNomArgs[27m[24m[22m[39m[27m[24m[22m[2m [27m[24m[22m[27m[24m[22m[2m[34m1[27m[24m[22m[39m[27m[24m[22m[2m (fun x -> [27m[24m[22m[27m[24m[22m[2m[32m"a"[27m[24m[22m[39m[27m[24m[22m[2m) [27m[24m[22m[27m[24m[22m[2m[34m1[27m[24m[22m[39m[27m[24m[22m[2m)[27m[24m[22m

This function has type ('a, int => 'b) => string
It accepts only 2 arguments. You gave more. Maybe you forgot a ; somewhere?


