[27m[24m[2m[1m# Unformatted Error Output:[27m[24m[22m
[2m# [22m[2mFile "tests/__tests__/refmterr/__fixtures__/type_AppliedTooMany/type_AppliedTooMany_2.ml", line 3, characters 21-33:[22m
[2m# [22m[2mError: This function has type[22m
[2m# [22m[2m         string ->[22m
[2m# [22m[2m         string -> string -> string -> string -> string -> string -> string[22m
[2m# [22m[2m       It is applied to too many arguments; maybe you forgot a `;'.[22m


[7m[24m[22m[1m[31m ERROR [27m[24m[22m[39m [27m[4m[22m[36mtests/__tests__/refmterr/__fixtures__/type_AppliedTooMany/type_AppliedTooMany_2.ml[27m[24m[22m[39m[27m[4m[22m[2m:3 21-33[27m[24m[22m 

[2m1 â”† [22m[27m[24m[22m[2m[35mlet[27m[24m[22m[39m[27m[24m[22m[2m longFunction a b c d e f g = a ^ b ^ c ^ d ^ e ^ f ^ g[27m[24m[22m
[2m2 â”† [22m
[27m[24m[22m[2m[31m3 â”† [27m[24m[22m[39m[27m[24m[22m[2m[35mlet[27m[24m[22m[39m[27m[24m[22m[2m evenLongerCall = [27m[24m[22m[27m[4m[22m[1m[31mlongFunction[27m[24m[22m[39m[27m[24m[22m[2m [27m[24m[22m[27m[24m[22m[2m[32m"a"[27m[24m[22m[39m[27m[24m[22m[2m [27m[24m[22m[27m[24m[22m[2m[32m"a"[27m[24m[22m[39m[27m[24m[22m[2m [27m[24m[22m[27m[24m[22m[2m[32m"a"[27m[24m[22m[39m[27m[24m[22m[2m [27m[24m[22m[27m[24m[22m[2m[32m"a"[27m[24m[22m[39m[27m[24m[22m[2m [27m[24m[22m[27m[24m[22m[2m[32m"a"[27m[24m[22m[39m[27m[24m[22m[2m [27m[24m[22m[27m[24m[22m[2m[32m"a"[27m[24m[22m[39m[27m[24m[22m[2m [27m[24m[22m[27m[24m[22m[2m[32m"a"[27m[24m[22m[39m[27m[24m[22m[2m [27m[24m[22m[27m[24m[22m[2m[32m"a"[27m[24m[22m[39m

This function has type (string, string, string, string, string, string, string) => string
It accepts only 7 arguments. You gave more. Maybe you forgot a ; somewhere?


