[27m[24m[2m[1m# Unformatted Error Output:[27m[24m[22m
[2m# [22m[2mFile "tests/__tests__/refmterr/__fixtures__/file_SyntaxError/file_SyntaxError_3.ml", line 2, characters 0-0:[22m
[2m# [22m[2mError: Syntax error: ')' expected[22m


[7m[24m[22m[1m[31m ERROR [27m[24m[22m[39m [27m[4m[22m[36mtests/__tests__/refmterr/__fixtures__/file_SyntaxError/file_SyntaxError_3.ml[27m[24m[22m[39m[27m[4m[22m[2m:1 12-13[27m[24m[22m 

[27m[24m[22m[2m[31m1 â”† [27m[24m[22m[39m[27m[24m[22m[2m[35mlet[27m[24m[22m[39m[27m[24m[22m[2m a = ([27m[24m[22m[27m[24m[22m[2m[34m1[27m[24m[22m[39m[27m[24m[22m[2m, [27m[24m[22m[27m[4m[22m[1m[31m2[27m[24m[22m[39m

This is a syntax error: ')' expected

Note: the location indicated might not be accurate.


[27m[24m[2m[1m# Unformatted Error Output:[27m[24m[22m
[2m# [22m[2mFile "tests/__tests__/refmterr/__fixtures__/file_SyntaxError/file_SyntaxError_3.ml", line 1, characters 8-9:[22m
[2m# [22m[2mError: This '(' might be unmatched[22m


[7m[24m[22m[1m[31m ERROR [27m[24m[22m[39m [27m[4m[22m[36mtests/__tests__/refmterr/__fixtures__/file_SyntaxError/file_SyntaxError_3.ml[27m[24m[22m[39m[27m[4m[22m[2m:1 8-9[27m[24m[22m 

[27m[24m[22m[2m[31m1 â”† [27m[24m[22m[39m[27m[24m[22m[2m[35mlet[27m[24m[22m[39m[27m[24m[22m[2m a = [27m[24m[22m[27m[4m[22m[1m[31m([27m[24m[22m[39m[27m[24m[22m[2m[34m1[27m[24m[22m[39m[27m[24m[22m[2m, [27m[24m[22m[27m[24m[22m[2m[34m2[27m[24m[22m[39m



