[27m[24m[2m[1m# Unformatted Error Output:[27m[24m[22m
[2m# [22m[2mFile "tests/__tests__/refmterr/__fixtures__/file_SyntaxError/file_SyntaxError_1.ml", line 2, characters 11-17:[22m
[2m# [22m[2mError: Syntax error[22m


[7m[24m[22m[1m[31m ERROR [27m[24m[22m[39m [27m[4m[22m[36mtests/__tests__/refmterr/__fixtures__/file_SyntaxError/file_SyntaxError_1.ml[27m[24m[22m[39m[27m[4m[22m[2m:2 11-17[27m[24m[22m 

[2m1 â”† [22m[27m[24m[22m[2m[35mlet[27m[24m[22m[39m[27m[24m[22m[2m () =[27m[24m[22m
[27m[24m[22m[2m[31m2 â”† [27m[24m[22m[39m[27m[24m[22m[2m  [27m[24m[22m[27m[24m[22m[2m[34mI[27m[24m[22m[39m[27m[24m[22m[2m'm glad [27m[24m[22m[27m[4m[22m[1m[31myou're[27m[24m[22m[39m[27m[24m[22m[2m looking at this file =)[27m[24m[22m

This is a syntax error.

Note: the location indicated might not be accurate.


