[27m[24m[2m[1m# Unformatted Error Output:[27m[24m[22m
[2m# [22m[2mFile "tests/__tests__/refmterr/__fixtures__/file_SyntaxError/file_SyntaxError_7.re", line 20, characters 22-23:[22m
[2m# [22m[2mError: Syntax error: ')' expected[22m


[7m[24m[22m[1m[31m ERROR [27m[24m[22m[39m [27m[4m[22m[36mtests/__tests__/refmterr/__fixtures__/file_SyntaxError/file_SyntaxError_7.re[27m[24m[22m[39m[27m[4m[22m[2m:20 22-23[27m[24m[22m 

[2m17 â”† [22m[27m[24m[22m[2m    fun[27m[24m[22m
[2m18 â”† [22m[27m[24m[22m[2m    | [27m[24m[22m[27m[24m[22m[2m[34mReact[27m[24m[22m[39m[27m[24m[22m[2m.[27m[24m[22m[27m[24m[22m[2m[34mChanged[27m[24m[22m[39m[27m[24m[22m[2m(s)[27m[24m[22m[27m[24m[22m[2m[31m => [27m[24m[22m[39m[27m[24m[22m[2ms,[27m[24m[22m
[2m19 â”† [22m[27m[24m[22m[2m    [27m[24m[22m[27m[24m[22m[2m[34mReact[27m[24m[22m[39m[27m[24m[22m[2m.[27m[24m[22m[27m[24m[22m[2m[34mOne[27m[24m[22m[39m[27m[24m[22m[2m([27m[24m[22m[27m[24m[22m[2m[34mDom[27m[24m[22m[39m[27m[24m[22m[2m.div([27m[24m[22m[27m[24m[22m[2m[33m~className[27m[24m[22m[39m[27m[24m[22m[2m=[27m[24m[22m[27m[24m[22m[2m[32m"helloClass"[27m[24m[22m[39m[27m[24m[22m[2m, [27m[24m[22m[27m[24m[22m[2m[34mEmpty[27m[24m[22m[39m[27m[24m[22m[2m)),[27m[24m[22m
[27m[24m[22m[2m[31m20 â”† [27m[24m[22m[39m[27m[24m[22m[2m  ) : [27m[24m[22m[27m[24m[22m[2m[34mReact[27m[24m[22m[39m[27m[24m[22m[2m.elem(tree)[27m[24m[22m[27m[4m[22m[1m[31m;[27m[24m[22m[39m
[2m21 â”† [22m[27m[24m[22m[2m};[27m[24m[22m

This is a syntax error: ')' expected
Make sure all imperative statements, as well as let/type bindings have exactly one semicolon separating them.
Note: the location indicated might not be accurate.


[27m[24m[2m[1m# Unformatted Error Output:[27m[24m[22m
[2m# [22m[2mFile "tests/__tests__/refmterr/__fixtures__/file_SyntaxError/file_SyntaxError_7.re", line 15, characters 43-44:[22m
[2m# [22m[2mError: This '(' might be unmatched[22m


[7m[24m[22m[1m[31m ERROR [27m[24m[22m[39m [27m[4m[22m[36mtests/__tests__/refmterr/__fixtures__/file_SyntaxError/file_SyntaxError_7.re[27m[24m[22m[39m[27m[4m[22m[2m:15 43-44[27m[24m[22m 

[2m12 â”† [22m[27m[24m[22m[2m[35mtype[27m[24m[22m[39m[27m[24m[22m[2m subtree = [27m[24m[22m[27m[24m[22m[2m[34mDom[27m[24m[22m[39m[27m[24m[22m[2m.tree([27m[24m[22m[27m[24m[22m[2m[34mReact[27m[24m[22m[39m[27m[24m[22m[2m.empty);[27m[24m[22m
[2m13 â”† [22m[27m[24m[22m[2m[35mtype[27m[24m[22m[39m[27m[24m[22m[2m tree = state[27m[24m[22m[27m[24m[22m[2m[31m => [27m[24m[22m[39m[27m[24m[22m[2msubtree;[27m[24m[22m
[2m14 â”† [22m[27m[24m[22m[2m[35mlet[27m[24m[22m[39m[27m[24m[22m[2m createElement =[27m[24m[22m
[27m[24m[22m[2m[31m15 â”† [27m[24m[22m[39m[27m[24m[22m[2m    ([27m[24m[22m[27m[24m[22m[2m[33m~initialVal[27m[24m[22m[39m[27m[24m[22m[2m=[27m[24m[22m[27m[24m[22m[2m[32m"deafult"[27m[24m[22m[39m[27m[24m[22m[2m, children)[27m[24m[22m[27m[24m[22m[2m[31m => [27m[24m[22m[39m[27m[4m[22m[1m[31m([27m[24m[22m[39m[27m[24m[22m[2m([27m[24m[22m[27m[24m[22m[2m[33m~state[27m[24m[22m[39m[27m[24m[22m[2m=initialVal, self)[27m[24m[22m[27m[24m[22m[2m[31m => [27m[24m[22m[39m[27m[24m[22m[2m([27m[24m[22m
[2m16 â”† [22m[27m[24m[22m[2m  state,[27m[24m[22m
[2m17 â”† [22m[27m[24m[22m[2m  fun[27m[24m[22m
[2m18 â”† [22m[27m[24m[22m[2m  | [27m[24m[22m[27m[24m[22m[2m[34mReact[27m[24m[22m[39m[27m[24m[22m[2m.[27m[24m[22m[27m[24m[22m[2m[34mChanged[27m[24m[22m[39m[27m[24m[22m[2m(s)[27m[24m[22m[27m[24m[22m[2m[31m => [27m[24m[22m[39m[27m[24m[22m[2ms,[27m[24m[22m



[27m[24m[2m[1m# Unformatted Error Output:[27m[24m[22m
[2m# [22m[2mFile "tests/__tests__/refmterr/__fixtures__/file_SyntaxError/file_SyntaxError_7.re", line 1:[22m
[2m# [22m[2mError: Error while running external preprocessor[22m


[7m[24m[22m[1m[31m ERROR [27m[24m[22m[39m [27m[4m[22m[36mtests/__tests__/refmterr/__fixtures__/file_SyntaxError/file_SyntaxError_7.re[27m[24m[22m[39m[27m[4m[22m[2m:1 0-0[27m[24m[22m 

[27m[24m[22m[2m[31m 1 â”† [27m[24m[22m[39m[27m[24m[22m[2m[35mmodule[27m[24m[22m[39m[27m[24m[22m[2m [27m[24m[22m[27m[24m[22m[2m[34mInput[27m[24m[22m[39m[27m[24m[22m[2m: {[27m[24m[22m
[2m 2 â”† [22m[27m[24m[22m[2m  /*[27m[24m[22m
[2m 3 â”† [22m[27m[24m[22m[2m   * [27m[24m[22m[27m[24m[22m[2m[34mComponents[27m[24m[22m[39m[27m[24m[22m[2m that don't accept [27m[24m[22m[27m[24m[22m[2m[34mChildren[27m[24m[22m[39m[27m[24m[22m[2m, would not have parameterized[27m[24m[22m
[2m 4 â”† [22m[27m[24m[22m[2m   * `element`. [27m[24m[22m[27m[24m[22m[2m[34mChild[27m[24m[22m[39m[27m[24m[22m[2m-accepting components would.[27m[24m[22m



Command line: refmt 'tests/__tests__/refmterr/__fixtures__/file_SyntaxError/file_SyntaxError_7.re' > /tmp/ocamlpp2614dc

