[27m[24m[2m[1m# Unformatted Error Output:[27m[24m[22m
[2m# [22m[2mFile "tests/__tests__/refmterr/__fixtures__/file_SyntaxError/file_SyntaxError_5.ml", line 4, characters 0-4:[22m
[2m# [22m[2mError: Syntax error[22m


[7m[24m[22m[1m[31m ERROR [27m[24m[22m[39m [27m[4m[22m[36mtests/__tests__/refmterr/__fixtures__/file_SyntaxError/file_SyntaxError_5.ml[27m[24m[22m[39m[27m[4m[22m[2m:4 0-4[27m[24m[22m 

[2m1 â”† [22m[27m[24m[22m[2m[35mlet[27m[24m[22m[39m[27m[24m[22m[2m () = [27m[24m[22m[27m[24m[22m[2m[33mif[27m[24m[22m[39m[27m[24m[22m[2m true then[27m[24m[22m
[2m2 â”† [22m[27m[24m[22m[2m  print_endline [27m[24m[22m[27m[24m[22m[2m[32m"gosh"[27m[24m[22m[39m[27m[24m[22m[2m;[27m[24m[22m
[2m3 â”† [22m[27m[24m[22m[2m  print_endline [27m[24m[22m[27m[24m[22m[2m[32m"so much functional purity"[27m[24m[22m[39m
[27m[24m[22m[2m[31m4 â”† [27m[24m[22m[39m[27m[4m[22m[1m[31melse[27m[24m[22m[39m
[2m5 â”† [22m[27m[24m[22m[2m  print_endline [27m[24m[22m[27m[24m[22m[2m[32m"that I cant even"[27m[24m[22m[39m

This is a syntax error.
Did you happen to have put a semicolon on the line before else? Also, `then` accepts a single expression. If you've put many, wrap them in parentheses.
Note: the location indicated might not be accurate.


