[27m[24m[2m[1m# Unformatted Error Output:[27m[24m[22m
[2m# [22m[2mFile "tests/__tests__/refmterr/__fixtures__/file_IllegalCharacter/file_IllegalCharacter_1.ml", line 2, characters 2-3:[22m
[2m# [22m[2mError: Illegal character (\\)[22m


[7m[24m[22m[1m[31m ERROR [27m[24m[22m[39m [27m[4m[22m[36mtests/__tests__/refmterr/__fixtures__/file_IllegalCharacter/file_IllegalCharacter_1.ml[27m[24m[22m[39m[27m[4m[22m[2m:2 2-3[27m[24m[22m 

[2m1 â”† [22m[27m[24m[22m[2m[35mlet[27m[24m[22m[39m[27m[24m[22m[2m () =[27m[24m[22m
[27m[24m[22m[2m[31m2 â”† [27m[24m[22m[39m[27m[24m[22m[2m  [27m[24m[22m[27m[4m[22m[1m[31m\[27m[24m[22m[39m[27m[24m[22m[2mhahaha look at me[27m[24m[22m
[2m3 â”† [22m[27m[24m[22m[2m  roaming free[27m[24m[22m
[2m4 â”† [22m[27m[24m[22m[2m  this is a haiku[27m[24m[22m
[2m5 â”† [22m[27m[24m[22m[2m  kidding it's not[27m[24m[22m

The character `\\` is illegal.


