[27m[24m[2m[1m# Unformatted Error Output:[27m[24m[22m
[2m# [22m[2mFile "tests/__tests__/refmterr/__fixtures__/type_SignatureItemMismatch/type_SignatureItemMismatch_5.ml", line 6, characters 24-59:[22m
[2m# [22m[2mError: Signature mismatch:[22m
[2m# [22m[2m       Modules do not match:[22m
[2m# [22m[2m         sig val hasWrongType : 'a -> int end[22m
[2m# [22m[2m       is not included in[22m
[2m# [22m[2m         Sig[22m
[2m# [22m[2m       Values do not match:[22m
[2m# [22m[2m         val hasWrongType : 'a -> int[22m
[2m# [22m[2m       is not included in[22m
[2m# [22m[2m         val hasWrongType :[22m
[2m# [22m[2m           stringParam:string ->[22m
[2m# [22m[2m           intParam:int ->[22m
[2m# [22m[2m           unitParam:unit -> anotherStringParam:string -> unit[22m
[2m# [22m[2m       File "tests/__tests__/refmterr/__fixtures__/type_SignatureItemMismatch/type_SignatureItemMismatch_5.ml", line 3, characters 2-109:[22m
[2m# [22m[2m         Expected declaration[22m
[2m# [22m[2m       File "tests/__tests__/refmterr/__fixtures__/type_SignatureItemMismatch/type_SignatureItemMismatch_5.ml", line 7, characters 6-18:[22m
[2m# [22m[2m         Actual declaration[22m


[7m[24m[22m[1m[31m ERROR [27m[24m[22m[39m [27m[4m[22m[36mtests/__tests__/refmterr/__fixtures__/type_SignatureItemMismatch/type_SignatureItemMismatch_5.ml[27m[24m[22m[39m[27m[4m[22m[2m:6:24-8:3[27m[24m[22m 

[2m3 â”† [22m[27m[24m[22m[2m  val hasWrongType: stringParam:[27m[24m[22m[27m[24m[22m[2m[33mstring[27m[24m[22m[39m[27m[24m[22m[2m -> intParam:[27m[24m[22m[27m[24m[22m[2m[33mint[27m[24m[22m[39m[27m[24m[22m[2m -> unitParam:unit -> anotherStringParam:[27m[24m[22m[27m[24m[22m[2m[33mstring[27m[24m[22m[39m[27m[24m[22m[2m -> unit[27m[24m[22m
[2m4 â”† [22m[27m[24m[22m[2mend[27m[24m[22m
[2m5 â”† [22m
[27m[24m[22m[2m[31m6 â”† [27m[24m[22m[39m[27m[24m[22m[2m[35mmodule[27m[24m[22m[39m[27m[24m[22m[2m [27m[24m[22m[27m[24m[22m[2m[34mMyModule[27m[24m[22m[39m[27m[24m[22m[2m : [27m[24m[22m[27m[24m[22m[2m[34mSig[27m[24m[22m[39m[27m[24m[22m[2m = [27m[24m[22m[27m[4m[22m[1m[31mstruct[27m[24m[22m[39m
[27m[24m[22m[2m[31m7 â”† [27m[24m[22m[39m  [27m[4m[22m[1m[31mlet hasWrongType s = 0[27m[24m[22m[39m
[27m[24m[22m[2m[31m8 â”† [27m[24m[22m[39m[27m[4m[22m[1m[31mend[27m[24m[22m[39m
[2m9 â”† [22m

[1mThis module doesn't match its signature because the[22m [1mvalue[22m [27m[24m[22m[1m[31mhasWrongType[27m[24m[22m[39m [1mhas the wrong type[22m

  At [27m[24m[22m[36mtests/__tests__/refmterr/__fixtures__/type_SignatureItemMismatch/type_SignatureItemMismatch_5.ml[27m[24m[22m[39m[2m:3[22m
  the signature required that [1mhasWrongType[22m be of type:

[27m[24m[22m[1m[32m  (
    ~stringParam: string,
    ~intParam: int,
    ~unitParam: unit,
    ~anotherStringParam: string
  ) =>
  unit[27m[24m[22m[39m


  At [27m[24m[22m[36mtests/__tests__/refmterr/__fixtures__/type_SignatureItemMismatch/type_SignatureItemMismatch_5.ml[27m[24m[22m[39m[2m:7[22m
  your module defined [1mhasWrongType[22m having type:

[27m[24m[22m[1m[31m  'a => int[27m[24m[22m[39m




