[27m[24m[2m[1m# Unformatted Error Output:[27m[24m[22m
[2m# [22m[2mFile "tests/__tests__/refmterr/__fixtures__/type_SignatureItemMismatch/type_SignatureItemMismatch_4.ml", line 7, characters 24-91:[22m
[2m# [22m[2mError: Signature mismatch:[22m
[2m# [22m[2m       Modules do not match:[22m
[2m# [22m[2m         sig[22m
[2m# [22m[2m           val hasWrongType : 'a -> int[22m
[2m# [22m[2m           val hasWrongType2 : 'a -> string[22m
[2m# [22m[2m         end[22m
[2m# [22m[2m       is not included in[22m
[2m# [22m[2m         Sig[22m
[2m# [22m[2m       Values do not match:[22m
[2m# [22m[2m         val hasWrongType : 'a -> int[22m
[2m# [22m[2m       is not included in[22m
[2m# [22m[2m         val hasWrongType : string -> unit[22m
[2m# [22m[2m       File "tests/__tests__/refmterr/__fixtures__/type_SignatureItemMismatch/type_SignatureItemMismatch_4.ml", line 3, characters 2-34:[22m
[2m# [22m[2m         Expected declaration[22m
[2m# [22m[2m       File "tests/__tests__/refmterr/__fixtures__/type_SignatureItemMismatch/type_SignatureItemMismatch_4.ml", line 8, characters 6-18:[22m
[2m# [22m[2m         Actual declaration[22m


[7m[24m[22m[1m[31m ERROR [27m[24m[22m[39m [27m[4m[22m[36mtests/__tests__/refmterr/__fixtures__/type_SignatureItemMismatch/type_SignatureItemMismatch_4.ml[27m[24m[22m[39m[27m[4m[22m[2m:7:24-10:3[27m[24m[22m 

[2m 4 â”† [22m[27m[24m[22m[2m  val hasWrongType2: [27m[24m[22m[27m[24m[22m[2m[33mstring[27m[24m[22m[39m[27m[24m[22m[2m -> unit[27m[24m[22m
[2m 5 â”† [22m[27m[24m[22m[2mend[27m[24m[22m
[2m 6 â”† [22m
[27m[24m[22m[2m[31m 7 â”† [27m[24m[22m[39m[27m[24m[22m[2m[35mmodule[27m[24m[22m[39m[27m[24m[22m[2m [27m[24m[22m[27m[24m[22m[2m[34mMyModule[27m[24m[22m[39m[27m[24m[22m[2m : [27m[24m[22m[27m[24m[22m[2m[34mSig[27m[24m[22m[39m[27m[24m[22m[2m = [27m[24m[22m[27m[4m[22m[1m[31mstruct[27m[24m[22m[39m
[27m[24m[22m[2m[31m 8 â”† [27m[24m[22m[39m  [27m[4m[22m[1m[31mlet hasWrongType s = 0[27m[24m[22m[39m
[27m[24m[22m[2m[31m 9 â”† [27m[24m[22m[39m  [27m[4m[22m[1m[31mlet hasWrongType2 s = "wrong"[27m[24m[22m[39m
[27m[24m[22m[2m[31m10 â”† [27m[24m[22m[39m[27m[4m[22m[1m[31mend[27m[24m[22m[39m

[1mThis module doesn't match its signature because the[22m [1mvalue[22m [27m[24m[22m[1m[31mhasWrongType[27m[24m[22m[39m [1mhas the wrong type[22m

  At [27m[24m[22m[36mtests/__tests__/refmterr/__fixtures__/type_SignatureItemMismatch/type_SignatureItemMismatch_4.ml[27m[24m[22m[39m[2m:3[22m
  the signature required that [1mhasWrongType[22m be of type:

[27m[24m[22m[1m[32m  string => unit[27m[24m[22m[39m


  At [27m[24m[22m[36mtests/__tests__/refmterr/__fixtures__/type_SignatureItemMismatch/type_SignatureItemMismatch_4.ml[27m[24m[22m[39m[2m:8[22m
  your module defined [1mhasWrongType[22m having type:

[27m[24m[22m[1m[31m  'a => int[27m[24m[22m[39m




