[27m[24m[2m[1m# Unformatted Error Output:[27m[24m[22m
[2m# [22m[2mFile "tests/__tests__/refmterr/__fixtures__/type_SignatureItemMismatch/type_SignatureItemMismatch_2.ml", line 8, characters 24-62:[22m
[2m# [22m[2mError: Signature mismatch:[22m
[2m# [22m[2m       Modules do not match:[22m
[2m# [22m[2m         sig val createElement3 : 'a -> unit end[22m
[2m# [22m[2m       is not included in[22m
[2m# [22m[2m         Sig[22m
[2m# [22m[2m       The value `createElement2' is required but not provided[22m
[2m# [22m[2m       File "tests/__tests__/refmterr/__fixtures__/type_SignatureItemMismatch/type_SignatureItemMismatch_2.ml", line 5, characters 2-36:[22m
[2m# [22m[2m         Expected declaration[22m
[2m# [22m[2m       The value `createElement' is required but not provided[22m
[2m# [22m[2m       File "tests/__tests__/refmterr/__fixtures__/type_SignatureItemMismatch/type_SignatureItemMismatch_2.ml", line 4, characters 2-35:[22m
[2m# [22m[2m         Expected declaration[22m


[7m[24m[22m[1m[31m ERROR [27m[24m[22m[39m [27m[4m[22m[36mtests/__tests__/refmterr/__fixtures__/type_SignatureItemMismatch/type_SignatureItemMismatch_2.ml[27m[24m[22m[39m[27m[4m[22m[2m:8:24-10:3[27m[24m[22m 

[2m 5 â”† [22m[27m[24m[22m[2m  val createElement2: [27m[24m[22m[27m[24m[22m[2m[33mstring[27m[24m[22m[39m[27m[24m[22m[2m -> unit[27m[24m[22m
[2m 6 â”† [22m[27m[24m[22m[2mend[27m[24m[22m
[2m 7 â”† [22m
[27m[24m[22m[2m[31m 8 â”† [27m[24m[22m[39m[27m[24m[22m[2m[35mmodule[27m[24m[22m[39m[27m[24m[22m[2m [27m[24m[22m[27m[24m[22m[2m[34mMyModule[27m[24m[22m[39m[27m[24m[22m[2m : [27m[24m[22m[27m[24m[22m[2m[34mSig[27m[24m[22m[39m[27m[24m[22m[2m = [27m[24m[22m[27m[4m[22m[1m[31mstruct[27m[24m[22m[39m
[27m[24m[22m[2m[31m 9 â”† [27m[24m[22m[39m  [27m[4m[22m[1m[31mlet createElement3 s = ()[27m[24m[22m[39m
[27m[24m[22m[2m[31m10 â”† [27m[24m[22m[39m[27m[4m[22m[1m[31mend[27m[24m[22m[39m

[1mThis module is missing the value named[22m [27m[24m[22m[1m[31mcreateElement[27m[24m[22m[39m

  The following signature requires that [1mcreateElement[22m be defined:
  [27m[24m[22m[36mtests/__tests__/refmterr/__fixtures__/type_SignatureItemMismatch/type_SignatureItemMismatch_2.ml[27m[24m[22m[39m[2m:4[22m

[1mThis module is missing the value named[22m [27m[24m[22m[1m[31mcreateElement2[27m[24m[22m[39m

  The following signature requires that [1mcreateElement2[22m be defined:
  [27m[24m[22m[36mtests/__tests__/refmterr/__fixtures__/type_SignatureItemMismatch/type_SignatureItemMismatch_2.ml[27m[24m[22m[39m[2m:5[22m


[27m[24m[22m[1m[35mLearn:[27m[24m[22m[39m "Signatures" are interfaces that modules may implement.
  You can indicate that a Reason file (.re) implements a signature by
  creating an "interface file" (.rei) of the same name.
  Modules nested inside of a Reason file may also opt into being checked
  against any signature using the type constraint syntax `module M : Sig = ...`


