[27m[24m[2m[1m# Unformatted Warning Output:[27m[24m[22m
[2m# [22m[2mFile "tests/__tests__/refmterr/__fixtures__/type_IncompatibleType/type_IncompatibleType_4.ml", line 14, characters 44-55:[22m
[2m# [22m[2mWarning 40: this record of type TopNotchModule.myRecord contains fields that are [22m
[2m# [22m[2mnot visible in the current scope: nihao.[22m
[2m# [22m[2mThey will not be selected if the type becomes unknown.[22m


[7m[24m[22m[1m[33m WARNING [27m[24m[22m[39m [27m[4m[22m[36mtests/__tests__/refmterr/__fixtures__/type_IncompatibleType/type_IncompatibleType_4.ml[27m[24m[22m[39m[27m[4m[22m[2m:14 44-55[27m[24m[22m [27m[24m[22m[1m[33m [Warning Code 40] [27m[24m[22m[39m

[2m11 â”† [22m[27m[24m[22m[2m  end[27m[24m[22m
[2m12 â”† [22m[27m[24m[22m[2mend[27m[24m[22m
[2m13 â”† [22m
[27m[24m[22m[2m[31m14 â”† [27m[24m[22m[39m[27m[24m[22m[2m[35mlet[27m[24m[22m[39m[27m[24m[22m[2m asd: [27m[24m[22m[27m[24m[22m[2m[34mTopNotchModule[27m[24m[22m[39m[27m[24m[22m[2m.jeSuisStrings = ([[[[27m[24m[22m[27m[4m[22m[1m[31m{nihao = 1}[27m[24m[22m[39m[27m[24m[22m[2m]]]: [27m[24m[22m[27m[24m[22m[2m[34mTopNotchModule[27m[24m[22m[39m[27m[24m[22m[2m.[27m[24m[22m[27m[24m[22m[2m[34mNested[27m[24m[22m[39m[27m[24m[22m[2m.wow)[27m[24m[22m



[27m[24m[2m[1m# Unformatted Error Output:[27m[24m[22m
[2m# [22m[2mFile "tests/__tests__/refmterr/__fixtures__/type_IncompatibleType/type_IncompatibleType_4.ml", line 14, characters 40-86:[22m
[2m# [22m[2mError: This expression has type[22m
[2m# [22m[2m         TopNotchModule.Nested.wow = TopNotchModule.myRecordListListList list[22m
[2m# [22m[2m       but an expression was expected of type[22m
[2m# [22m[2m         TopNotchModule.jeSuisStrings = TopNotchModule.jeSuisString list list[22m
[2m# [22m[2m       Type[22m
[2m# [22m[2m         TopNotchModule.myRecordListListList =[22m
[2m# [22m[2m           TopNotchModule.myRecordListList list[22m
[2m# [22m[2m       is not compatible with type TopNotchModule.jeSuisString list [22m
[2m# [22m[2m       Type[22m
[2m# [22m[2m         TopNotchModule.myRecordListList = TopNotchModule.myRecordList list[22m
[2m# [22m[2m       is not compatible with type TopNotchModule.jeSuisString = string [22m


[7m[24m[22m[1m[31m ERROR [27m[24m[22m[39m [27m[4m[22m[36mtests/__tests__/refmterr/__fixtures__/type_IncompatibleType/type_IncompatibleType_4.ml[27m[24m[22m[39m[27m[4m[22m[2m:14 40-86[27m[24m[22m 

[2m11 â”† [22m[27m[24m[22m[2m  end[27m[24m[22m
[2m12 â”† [22m[27m[24m[22m[2mend[27m[24m[22m
[2m13 â”† [22m
[27m[24m[22m[2m[31m14 â”† [27m[24m[22m[39m[27m[24m[22m[2m[35mlet[27m[24m[22m[39m[27m[24m[22m[2m asd: [27m[24m[22m[27m[24m[22m[2m[34mTopNotchModule[27m[24m[22m[39m[27m[24m[22m[2m.jeSuisStrings = [27m[24m[22m[27m[4m[22m[1m[31m([[[{nihao = 1}]]]: TopNotchModule.Nested.wow)[27m[24m[22m[39m

[1mThis type doesn't match what is expected.[22m

  This type:
    [27m[24m[22m[31mTopNotchModule.[27m[24m[22m[39m[27m[24m[22m[1m[31mNested.wow[27m[24m[22m[39m[2m
    Equals
    [22m[27m[24m[22m[31mlist([27m[24m[22m[39m[27m[24m[22m[1m[31mTopNotchModule.myRecordListListList[27m[24m[22m[39m[27m[24m[22m[31m)[27m[24m[22m[39m

  Expecting:
    [27m[24m[22m[32mTopNotchModule.[27m[24m[22m[39m[27m[24m[22m[1m[32mjeSuisStrings[27m[24m[22m[39m[2m
    Equals
    [22m[27m[24m[22m[32mlist([27m[24m[22m[39m[27m[24m[22m[1m[32mlist(TopNotchModule.jeSuisString)[27m[24m[22m[39m[27m[24m[22m[32m)[27m[24m[22m[39m


[1mThe contradicting parts:[22m

  The type:   
    [27m[24m[22m[1m[31mTopNotchModule.myRecordListListList[27m[24m[22m[39m[2m
    Equals
    [22m[27m[24m[22m[1m[31mlist(TopNotchModule.myRecordListList)[27m[24m[22m[39m

  Contradicts:
    [27m[24m[22m[1m[32mlist(TopNotchModule.jeSuisString)[27m[24m[22m[39m


  The type:   
    [27m[24m[22m[31mTopNotchModule.[27m[24m[22m[39m[27m[24m[22m[1m[31mmyRecordListList[27m[24m[22m[39m[2m
    Equals
    [22m[27m[24m[22m[1m[31mlist(TopNotchModule.myRecordList)[27m[24m[22m[39m

  Contradicts:
    [27m[24m[22m[32mTopNotchModule.[27m[24m[22m[39m[27m[24m[22m[1m[32mjeSuisString[27m[24m[22m[39m[2m
    Equals
    [22m[27m[24m[22m[1m[32mstring[27m[24m[22m[39m



