[27m[24m[2m[1m# Unformatted Error Output:[27m[24m[22m
[2m# [22m[2mFile "tests/__tests__/refmterr/__fixtures__/type_IncompatibleType/type_IncompatibleType_7.ml", line 15, characters 13-16:[22m
[2m# [22m[2mError: This expression has type Abc.myInt -> Def.myFloat[22m
[2m# [22m[2m       but an expression was expected of type Abc.myString -> Def.myBool[22m
[2m# [22m[2m       Type Abc.myInt = int is not compatible with type Abc.myString = string [22m


[7m[24m[22m[1m[31m ERROR [27m[24m[22m[39m [27m[4m[22m[36mtests/__tests__/refmterr/__fixtures__/type_IncompatibleType/type_IncompatibleType_7.ml[27m[24m[22m[39m[27m[4m[22m[2m:15 13-16[27m[24m[22m 

[2m12 â”† [22m
[2m13 â”† [22m[27m[24m[22m[2m[35mlet[27m[24m[22m[39m[27m[24m[22m[2m dec (f: [27m[24m[22m[27m[24m[22m[2m[34mAbc[27m[24m[22m[39m[27m[24m[22m[2m.myString -> [27m[24m[22m[27m[24m[22m[2m[34mDef[27m[24m[22m[39m[27m[24m[22m[2m.myBool) = [27m[24m[22m[27m[24m[22m[2m[34m1[27m[24m[22m[39m
[2m14 â”† [22m
[27m[24m[22m[2m[31m15 â”† [27m[24m[22m[39m[27m[24m[22m[2m[35mlet[27m[24m[22m[39m[27m[24m[22m[2m () = dec [27m[24m[22m[27m[4m[22m[1m[31minc[27m[24m[22m[39m

[1mThis type doesn't match what is expected.[22m

  This type: [27m[24m[22m[31mAbc.[27m[24m[22m[39m[27m[24m[22m[1m[31mmyInt => Def.myFloat[27m[24m[22m[39m
  Expecting: [27m[24m[22m[32mAbc.[27m[24m[22m[39m[27m[24m[22m[1m[32mmyString => Def.myBool[27m[24m[22m[39m


[1mThe contradicting part:[22m

  The type:   
    [27m[24m[22m[31mAbc.[27m[24m[22m[39m[27m[24m[22m[1m[31mmyInt[27m[24m[22m[39m[2m
    Equals
    [22m[27m[24m[22m[1m[31mint[27m[24m[22m[39m

  Contradicts:
    [27m[24m[22m[32mAbc.[27m[24m[22m[39m[27m[24m[22m[1m[32mmyString[27m[24m[22m[39m[2m
    Equals
    [22m[27m[24m[22m[1m[32mstring[27m[24m[22m[39m



