[27m[24m[2m[1m# Unformatted Error Output:[27m[24m[22m
[2m# [22m[2mFile "tests/__tests__/refmterr/__fixtures__/type_IncompatibleType/type_IncompatibleType_8.ml", line 4, characters 391-398:[22m
[2m# [22m[2mError: This expression has type int * int * int * int * int[22m
[2m# [22m[2m       but an expression was expected of type[22m
[2m# [22m[2m         reallyReallyLongNameWillBreak * reallyReallyLongNameWillBreak *[22m
[2m# [22m[2m         reallyReallyLongNameWillBreak * reallyReallyLongNameWillBreak *[22m
[2m# [22m[2m         reallyReallyLongNameWillBreak[22m
[2m# [22m[2m       Type int is not compatible with type reallyReallyLongNameWillBreak [22m


[7m[24m[22m[1m[31m ERROR [27m[24m[22m[39m [27m[4m[22m[36mtests/__tests__/refmterr/__fixtures__/type_IncompatibleType/type_IncompatibleType_8.ml[27m[24m[22m[39m[27m[4m[22m[2m:4 391-398[27m[24m[22m 

[2m 1 â”† [22m
[2m 2 â”† [22m[27m[24m[22m[2m[35mtype[27m[24m[22m[39m[27m[24m[22m[2m reallyReallyLongNameWillBreak[27m[24m[22m
[2m 3 â”† [22m[27m[24m[22m[2m[35mlet[27m[24m[22m[39m[27m[24m[22m[2m numbers = ([27m[24m[22m[27m[24m[22m[2m[34m0[27m[24m[22m[39m[27m[24m[22m[2m, [27m[24m[22m[27m[24m[22m[2m[34m2[27m[24m[22m[39m[27m[24m[22m[2m, [27m[24m[22m[27m[24m[22m[2m[34m3[27m[24m[22m[39m[27m[24m[22m[2m, [27m[24m[22m[27m[24m[22m[2m[34m4[27m[24m[22m[39m[27m[24m[22m[2m, [27m[24m[22m[27m[24m[22m[2m[34m5[27m[24m[22m[39m[27m[24m[22m[2m)[27m[24m[22m
[27m[24m[22m[2m[31m 4 â”† [27m[24m[22m[39m[27m[24m[22m[2m[35mlet[27m[24m[22m[39m[27m[24m[22m[2m thisFunction (f: (reallyReallyLongNameWillBreak * reallyReallyLongNameWillBreak * reallyReallyLongNameWillBreak * reallyReallyLongNameWillBreak * reallyReallyLongNameWillBreak) -> (reallyReallyLongNameWillBreak * reallyReallyLongNameWillBreak * reallyReallyLongNameWillBreak * reallyReallyLongNameWillBreak * reallyReallyLongNameWillBreak) -> unit [27m[24m[22m[27m[24m[22m[2m[33mlist[27m[24m[22m[39m[27m[24m[22m[2m -> [27m[24m[22m[27m[24m[22m[2m[33mstring[27m[24m[22m[39m[27m[24m[22m[2m [27m[24m[22m[27m[24m[22m[2m[33mlist[27m[24m[22m[39m[27m[24m[22m[2m -> 'args) args = f [27m[24m[22m[27m[4m[22m[1m[31mnumbers[27m[24m[22m[39m[27m[24m[22m[2m numbers [(); ()] [[27m[24m[22m[27m[24m[22m[2m[32m"anotherString"[27m[24m[22m[39m[27m[24m[22m[2m] ()[27m[24m[22m
[2m 5 â”† [22m
[2m 6 â”† [22m[27m[24m[22m[2m[35mlet[27m[24m[22m[39m[27m[24m[22m[2m result = thisFunction (fun aa c u -> aa[27m[24m[22m[27m[24m[22m[2m[31m + [27m[24m[22m[39m[27m[24m[22m[2mb +c)[27m[24m[22m
[2m 7 â”† [22m

[1mThis type doesn't match what is expected.[22m

  This type:
    [27m[24m[22m[31m([27m[24m[22m[39m[27m[24m[22m[1m[31mint, int, int, int, int[27m[24m[22m[39m[27m[24m[22m[31m)[27m[24m[22m[39m

  Expecting:
    [27m[24m[22m[32m([27m[24m[22m[39m[27m[24m[22m[1m[32m
      reallyReallyLongNameWillBreak,
      reallyReallyLongNameWillBreak,
      reallyReallyLongNameWillBreak,
      reallyReallyLongNameWillBreak,
      reallyReallyLongNameWillBreak
    [27m[24m[22m[39m[27m[24m[22m[32m)[27m[24m[22m[39m


[1mThe contradicting part:[22m

  The type:    [27m[24m[22m[1m[31mint[27m[24m[22m[39m
  Contradicts: [27m[24m[22m[1m[32mreallyReallyLongNameWillBreak[27m[24m[22m[39m



