[27m[24m[2m[1m# Unformatted Error Output:[27m[24m[22m
[2m# [22m[2mFile "tests/__tests__/refmterr/__fixtures__/type_IncompatibleType/type_IncompatibleType_3.ml", line 6, characters 8-13:[22m
[2m# [22m[2mError: This expression has type 'a array[22m
[2m# [22m[2m       but an expression was expected of type string list[22m


[7m[24m[22m[1m[31m ERROR [27m[24m[22m[39m [27m[4m[22m[36mtests/__tests__/refmterr/__fixtures__/type_IncompatibleType/type_IncompatibleType_3.ml[27m[24m[22m[39m[27m[4m[22m[2m:6 8-13[27m[24m[22m 

[2m3 â”† [22m[27m[24m[22m[2m}[27m[24m[22m
[2m4 â”† [22m
[2m5 â”† [22m[27m[24m[22m[2m[35mlet[27m[24m[22m[39m[27m[24m[22m[2m takeMeAway = {[27m[24m[22m
[27m[24m[22m[2m[31m6 â”† [27m[24m[22m[39m[27m[24m[22m[2m  bla = [27m[24m[22m[27m[4m[22m[1m[31m[|1|][27m[24m[22m[39m[27m[24m[22m[2m;[27m[24m[22m
[2m7 â”† [22m[27m[24m[22m[2m}[27m[24m[22m

[1mThis type doesn't match what is expected.[22m

  This type: [27m[24m[22m[1m[31marray('a[27m[24m[22m[39m[27m[24m[22m[31m)[27m[24m[22m[39m
  Expecting: [27m[24m[22m[1m[32mlist(string[27m[24m[22m[39m[27m[24m[22m[32m)[27m[24m[22m[39m



