[27m[24m[2m[1m# Unformatted Error Output:[27m[24m[22m
[2m# [22m[2mFile "tests/__tests__/refmterr/__fixtures__/type_UnboundValue/type_UnboundValue_3.ml", line 3, characters 16-17:[22m
[2m# [22m[2mError: Unbound value a[22m


[7m[24m[22m[1m[31m ERROR [27m[24m[22m[39m [27m[4m[22m[36mtests/__tests__/refmterr/__fixtures__/type_UnboundValue/type_UnboundValue_3.ml[27m[24m[22m[39m[27m[4m[22m[2m:3 16-17[27m[24m[22m 

[2m1 â”† [22m[27m[24m[22m[2m[35mlet[27m[24m[22m[39m[27m[24m[22m[2m f [27m[24m[22m[27m[24m[22m[2m[33m~a[27m[24m[22m[39m[27m[24m[22m[2m b = [27m[24m[22m[27m[24m[22m[2m[34m5[27m[24m[22m[39m[27m[24m[22m[2m[31m + [27m[24m[22m[39m[27m[24m[22m[2ma[27m[24m[22m
[2m2 â”† [22m
[27m[24m[22m[2m[31m3 â”† [27m[24m[22m[39m[27m[24m[22m[2m[35mlet[27m[24m[22m[39m[27m[24m[22m[2m eleven = f ~[27m[24m[22m[27m[4m[22m[1m[31ma[27m[24m[22m[39m[27m[24m[22m[2m [27m[24m[22m[27m[24m[22m[2m[34m6[27m[24m[22m[39m

The value named [27m[24m[22m[1m[31ma[27m[24m[22m[39m can't be found. Could it be a typo?


