[27m[24m[2m[1m# Unformatted Error Output:[27m[24m[22m
[2m# [22m[2mFile "tests/__tests__/refmterr/__fixtures__/type_UnboundValue/type_UnboundValue_1.ml", line 1, characters 21-27:[22m
[2m# [22m[2mError: Unbound value perhap[22m
[2m# [22m[2mHint: Did you mean perhaps?[22m


[7m[24m[22m[1m[31m ERROR [27m[24m[22m[39m [27m[4m[22m[36mtests/__tests__/refmterr/__fixtures__/type_UnboundValue/type_UnboundValue_1.ml[27m[24m[22m[39m[27m[4m[22m[2m:1 21-27[27m[24m[22m 

[27m[24m[22m[2m[31m1 â”† [27m[24m[22m[39m[27m[24m[22m[2m[35mlet[27m[24m[22m[39m[27m[24m[22m[2m callMe perhaps = [27m[24m[22m[27m[4m[22m[1m[31mperhap[27m[24m[22m[39m[27m[24m[22m[2m [27m[24m[22m[27m[24m[22m[2m[34m1[27m[24m[22m[39m

The value named [27m[24m[22m[1m[31mperhap[27m[24m[22m[39m can't be found. Did you mean [27m[24m[22m[33mperhaps[27m[24m[22m[39m?


