[27m[24m[2m[1m# Unformatted Error Output:[27m[24m[22m
[2m# [22m[2mFile "tests/__tests__/refmterr/__fixtures__/type_RecordFieldNotBelong/type_RecordFieldNotBelong_3.ml", line 13, characters 21-25:[22m
[2m# [22m[2mError: This expression has type point[22m
[2m# [22m[2m       The field dogs does not belong to type point[22m
[2m# [22m[2mHint: Did you mean dog?[22m


[7m[24m[22m[1m[31m ERROR [27m[24m[22m[39m [27m[4m[22m[36mtests/__tests__/refmterr/__fixtures__/type_RecordFieldNotBelong/type_RecordFieldNotBelong_3.ml[27m[24m[22m[39m[27m[4m[22m[2m:13 21-25[27m[24m[22m 

[2m10 â”† [22m[27m[24m[22m[2m  dog = [27m[24m[22m[27m[24m[22m[2m[32m"hi"[27m[24m[22m[39m[27m[24m[22m[2m;[27m[24m[22m
[2m11 â”† [22m[27m[24m[22m[2m}[27m[24m[22m
[2m12 â”† [22m
[27m[24m[22m[2m[31m13 â”† [27m[24m[22m[39m[27m[24m[22m[2m[35mlet[27m[24m[22m[39m[27m[24m[22m[2m result = myPoint.[27m[24m[22m[27m[4m[22m[1m[31mdogs[27m[24m[22m[39m

[1mThis field[22m [27m[24m[22m[1m[31mdogs[27m[24m[22m[39m [1mdoesn't belong to the record.[22m

[1mThe record expression has type: point[22m

Did you mean [27m[24m[22m[33mdog[27m[24m[22m[39m?


