[27m[24m[2m[1m# Unformatted Error Output:[27m[24m[22m
[2m# [22m[2mFile "tests/__tests__/refmterr/__fixtures__/type_RecordFieldNotBelong/type_RecordFieldNotBelong_1.ml", line 9, characters 23-24:[22m
[2m# [22m[2mError: This record pattern is expected to have type asd[22m
[2m# [22m[2m       The field b does not belong to type asd[22m


[7m[24m[22m[1m[31m ERROR [27m[24m[22m[39m [27m[4m[22m[36mtests/__tests__/refmterr/__fixtures__/type_RecordFieldNotBelong/type_RecordFieldNotBelong_1.ml[27m[24m[22m[39m[27m[4m[22m[2m:9 23-24[27m[24m[22m 

[2m6 â”† [22m[27m[24m[22m[2m[35mtype[27m[24m[22m[39m[27m[24m[22m[2m lol =[27m[24m[22m
[2m7 â”† [22m[27m[24m[22m[2m  | [27m[24m[22m[27m[24m[22m[2m[34mSomething[27m[24m[22m[39m[27m[24m[22m[2m of asd[27m[24m[22m
[2m8 â”† [22m
[27m[24m[22m[2m[31m9 â”† [27m[24m[22m[39m[27m[24m[22m[2m[35mlet[27m[24m[22m[39m[27m[24m[22m[2m bla ([27m[24m[22m[27m[24m[22m[2m[34mSomething[27m[24m[22m[39m[27m[24m[22m[2m {a; [27m[24m[22m[27m[4m[22m[1m[31mb[27m[24m[22m[39m[27m[24m[22m[2m}) = [27m[24m[22m[27m[24m[22m[2m[34m1[27m[24m[22m[39m

[1mThis field[22m [27m[24m[22m[1m[31mb[27m[24m[22m[39m [1mdoesn't belong to the record.[22m

[1mThe record pattern has type: asd[22m


